[venom.foundation/index.html]
[backblue.gif]
[fade.gif]
[index.html]
[venom.foundation/apple-touch-icon.png]
[venom.foundation/favicon-32x32.jpg]
[venom.foundation/favicon-16x16.jpg]
[venom.foundation/cdn-cgi/assets/favicon.png]
[venom.foundation/_nuxt/entry.56bd59df.js]
[venom.foundation/_nuxt/entry.1754c96a.css]
[venom.foundation/_nuxt/runtime-core.esm-bundler.c6ef7338.js]
[venom.foundation/_nuxt/app.config.6d839814.js]
[venom.foundation/_nuxt/KitIcon.vue.03c7151b.js]
[venom.foundation/_nuxt/KitIcon.2854a112.css]
[venom.foundation/_nuxt/KitIcon.20e66951.js]
[venom.foundation/_nuxt/index.19de887d.js]
[venom.foundation/_nuxt/BodyComponent.80fb22d0.js]
[venom.foundation/_nuxt/BodyComponent.747932bf.css]
[venom.foundation/_nuxt/KitButton.636249c9.js]
[venom.foundation/_nuxt/BricksComponent.6dfc400c.js]
[venom.foundation/_nuxt/BrickItem.b9863bba.js]
[venom.foundation/_nuxt/KitDivLink.vue.efa0fea7.js]
[venom.foundation/_nuxt/useAsset.9ba7393b.js]
[venom.foundation/_nuxt/VenomWallet.640be2c6.js]
[venom.foundation/_nuxt/ItemComponent.c352bd0d.css]
[venom.foundation/_nuxt/KitReadMore.7a80b1fd.js]
[venom.foundation/_nuxt/PlatformItem.3ae9e2fb.js]
[venom.foundation/_nuxt/BoundariesBlock.fb125849.js]
[venom.foundation/_nuxt/BoundariesItem.b71f90dd.js]
[venom.foundation/_nuxt/EcosystemBlock.88092846.js]
[venom.foundation/_nuxt/ItemsGallery.1bd158f0.js]
[venom.foundation/_nuxt/ItemComponent.b239472c.js]
[venom.foundation/_nuxt/KitSwiper.677d3992.js]
[venom.foundation/_nuxt/OpportunityComponent.50934eb3.js]
[venom.foundation/_nuxt/DevelopersBlock.7c1a79d4.js]
[venom.foundation/_nuxt/WindowComponent.07af7dc6.js]
[venom.foundation/_nuxt/MobileGallery.242c9cf2.js]
[venom.foundation/_nuxt/UseCasesBlock.dcb0b8eb.js]
[venom.foundation/_nuxt/ExploreGrantsBlock.5737af4b.js]
[venom.foundation/_nuxt/ProcessOverviewBlock.22497a56.js]
[venom.foundation/_nuxt/CommunityBlock.dd4d794f.js]
[venom.foundation/_nuxt/FaqBlock.3c46fc3b.js]
[venom.foundation/_nuxt/FaqComponent.99cc5d2f.js]
[venom.foundation/_nuxt/PublicationsBlock.dff5ae33.js]
[venom.foundation/_nuxt/StayAheadBlock.b1981477.js]
[venom.foundation/_nuxt/EmailCompose.ae5254bb.js]
[venom.foundation/_nuxt/KitEmailInput.824eccae.js]
[venom.foundation/_nuxt/ApproveGrantModal.6743716c.js]
[venom.foundation/_nuxt/KitDivLink.4d359237.js]
[venom.foundation/cdn-cgi/assets/cdn-cgi/assets/favicon.png]
[venom.foundation/_nuxt/LogoHover.bd77be5b.svg]
[venom.foundation/_nuxt/ellipse.c2bb3973.svg]
[venom.foundation/_nuxt/footer.dd98d1e5.svg]
[venom.foundation/_nuxt/footer-320.d1f92bb1.svg]
[venom.foundation/_nuxt/ContentQuery.a0bd547d.js]
[venom.foundation/_nuxt/cookie.75031956.js]
[venom.foundation/_nuxt/query.c3f7607a.js]
[venom.foundation/_nuxt/utils.c389335c.js]
[venom.foundation/_nuxt/error-component.6c906337.js]
[venom.foundation/_nuxt/CBDC.47b5b8f5.svg]
[venom.foundation/_nuxt/DAO.e73eba23.svg]
[venom.foundation/_nuxt/DID.06ecf63e.svg]
[venom.foundation/_nuxt/DeFi.2e0e1e2e.svg]
[venom.foundation/_nuxt/GameFi.64bbc27c.svg]
[venom.foundation/_nuxt/SocialFi.3388b5aa.svg]
[venom.foundation/_nuxt/TradeFi.29c5a68e.svg]
[venom.foundation/_nuxt/ecosystem-big.957ee963.svg]
[venom.foundation/_nuxt/header-big.caf69b04.webp]
[venom.foundation/_nuxt/adgm.caa85f3b.webp]
[venom.foundation/_nuxt/ecosystem-tablet.5694c442.svg]
[venom.foundation/_nuxt/1.29fa28b6.webp]
[venom.foundation/_nuxt/2.6c23e285.webp]
[venom.foundation/_nuxt/3.527c6779.webp]
[venom.foundation/_nuxt/4.6affe21f.webp]
[venom.foundation/_nuxt/5.63fef169.webp]
[venom.foundation/_nuxt/6.fc49b16a.webp]
[venom.foundation/_nuxt/7.5c104520.webp]
[venom.foundation/_nuxt/8.f6e79674.webp]
[venom.foundation/_nuxt/1024.55326121.webp]
[venom.foundation/_nuxt/1200.6d319130.webp]
[venom.foundation/_nuxt/1366.f7fdb4e5.webp]
[venom.foundation/_nuxt/max.3294019b.webp]
[venom.foundation/_nuxt/Poppins-Regular.a2c1dd01.woff2]
[venom.foundation/_nuxt/Poppins-Medium.54cedf5d.woff2]
[venom.foundation/ecosystem.html]
[venom.foundation/venom-wallet.apk]
[venom.foundation/privacy-policy.html]
[venom.foundation/Venom_Whitepaper.pdf]
[venom.foundation/cdn-cgi/l/email-protection.html]
[venom.foundation/index.html]
[venom.foundation/cdn-cgi/scripts/5c5dd728/cloudflare-static/email-decode.min.js]
[venom.foundation/_nuxt/entry.1754c96a.css]
[venom.foundation/_nuxt/KitIcon.2854a112.css]
[venom.foundation/_nuxt/BodyComponent.747932bf.css]
[venom.foundation/_nuxt/ItemComponent.c352bd0d.css]
[venom.foundation/cdn-cgi/assets/cdn-cgi/assets/favicon.png]
[venom.foundation/_nuxt/LogoHover.bd77be5b.svg]
[venom.foundation/_nuxt/ellipse.c2bb3973.svg]
[venom.foundation/_nuxt/footer.dd98d1e5.svg]
[venom.foundation/_nuxt/footer-320.d1f92bb1.svg]
[venom.foundation/_nuxt/CBDC.47b5b8f5.svg]
[venom.foundation/_nuxt/DAO.e73eba23.svg]
[venom.foundation/_nuxt/DID.06ecf63e.svg]
[venom.foundation/_nuxt/DeFi.2e0e1e2e.svg]
[venom.foundation/_nuxt/GameFi.64bbc27c.svg]
[venom.foundation/_nuxt/SocialFi.3388b5aa.svg]
[venom.foundation/_nuxt/TradeFi.29c5a68e.svg]
[venom.foundation/_nuxt/ecosystem-big.957ee963.svg]
[venom.foundation/_nuxt/ecosystem-tablet.5694c442.svg]
[venom.foundation/terms-of-use.html]
[venom.foundation/_nuxt/ecosystem.0c92e32f.js]
[venom.foundation/_nuxt/PageEcosystemBanner.6f9abb13.js]
[venom.foundation/_nuxt/PageEcosystemBanner.60d20198.css]
[venom.foundation/_nuxt/EcosystemExplorerBlock.50260edf.js]
[venom.foundation/_nuxt/ecosystem.e6f3fa04.qt]
[venom.foundation/_nuxt/ecosystem.625b4bf1.mp4]
[venom.foundation/ecosystem.html]
[venom.foundation/_nuxt/privacy-policy.28c40f7d.js]
[venom.foundation/_nuxt/KitMdRender.05632896.css]
[venom.foundation/_nuxt/KitMdRender.4569a1d9.js]
[venom.foundation/_nuxt/ContentDoc.40a4be54.js]
[venom.foundation/_nuxt/ContentRenderer.a7ade47c.js]
[venom.foundation/_nuxt/ContentRendererMarkdown.de758799.js]
[venom.foundation/_nuxt/index.a6ef77ff.js]
[venom.foundation/_nuxt/ProseH2.8c2e978e.js]
[venom.foundation/_nuxt/ProseStrong.11bc85c8.js]
[venom.foundation/_nuxt/ProseH3.f1b104d0.js]
[venom.foundation/_nuxt/ProseP.306c71ca.js]
[venom.foundation/_nuxt/ProseA.ac169528.js]
[venom.foundation/_nuxt/ProseUl.a4d2733f.js]
[venom.foundation/_nuxt/ProseLi.24a3e113.js]
[venom.foundation/privacy-policy.html]
[venom.foundation/cdn-cgi/l/email-protection.html]
[venom.foundation/_nuxt/ProseEm.63e9ce99.js]
[venom.foundation/terms-of-use.html]
[venom.foundation/_nuxt/PageEcosystemBanner.60d20198.css]
[venom.foundation/_nuxt/KitMdRender.05632896.css]
[venom.foundation/_nuxt/terms-of-use.b286be1d.js]
